// Jest Snapshot v1, https://goo.gl/fbAQLP

exports[`Pruebas en <AboutScreen/> debe de mostrarse correctamente 1`] = `
<div>
  <h1>
    AboutScreen
  </h1>
  <hr />
  <pre>
    {
   "name": "Andres",
   "email": "aevega1991@gmail.com"
}
  </pre>
  <button
    className="btn btn-warning"
    onClick={[Function]}
  >
    Logout
  </button>
</div>
`;
